// Jest Snapshot v1, https://goo.gl/fbAQLP

exports[`Home should render ok 1`] = `
<ForwardRef(Bootstrap(Container))>
  <h1
    className="display-4"
  >
    My Booking
  </h1>
  <hr
    className="my-4"
  />
  <Booking />
</ForwardRef(Bootstrap(Container))>
`;
